// Jest Snapshot v1, https://goo.gl/fbAQLP

exports[`Generics: should compile class with type params 1`] = `
"[helper: breadcrumbs]

# Class: ClassWithTypeParams<T, V\\\\>

[partial: comment]

## Type parameters

| Name | Description |
| :------ | :------ |
| \`T\` | Some type param |
| \`V\` | Some other type param |

[helper: toc]

[partial: members]
"
`;

exports[`Generics: should compile function with a simple type param' 1`] = `
"▸ \`Const\` **functionWithTypeParam**<A\\\\>(): \`boolean\`

[partial: comment]

##### Type parameters

| Name |
| :------ |
| \`A\` |

##### Returns

\`boolean\`
"
`;

exports[`Generics: should compile function with complex type params' 1`] = `
"▸ \`Const\` **functionWithTypeParams**<A, B, C\\\\>(): \`boolean\`

[partial: comment]

##### Type parameters

| Name | Type | Description |
| :------ | :------ | :------ |
| \`A\` | \`A\`: [ClassWithTypeParams](classwithtypeparams.md)<string, number, A\\\\> | Comment for type \`A\` |
| \`B\` | \`B\` = \`string\` \\\\| \`boolean\` | Comment for type \`B\` |
| \`C\` | \`C\` = \`string\` | - |

##### Returns

\`boolean\`
"
`;
