// Jest Snapshot v1, https://goo.gl/fbAQLP

exports[`Hierarchy: should compile nested type hierarchy 1`] = `
"- [ParentClass](parentclass.md)

  ↳ **ChildClassA**

  ↳↳ [GrandChildClassA](grandchildclassa.md)
"
`;

exports[`Hierarchy: should compile type hierarchy 1`] = `
"- **ParentClass**

  ↳ [ChildClassA](childclassa.md)

  ↳ [ChildClassB](childclassb.md)
"
`;
